TimeQuest Timing Analyzer report for adv_game
Thu Mar 07 20:01:14 2019
Quartus Prime Version 17.1.0 Build 590 10/25/2017 SJ Lite Edition


---------------------
; Table of Contents ;
---------------------
  1. Legal Notice
  2. TimeQuest Timing Analyzer Summary
  3. Parallel Compilation
  4. Clocks
  5. Slow 1200mV 85C Model Fmax Summary
  6. Timing Closure Recommendations
  7. Slow 1200mV 85C Model Setup Summary
  8. Slow 1200mV 85C Model Hold Summary
  9. Slow 1200mV 85C Model Recovery Summary
 10. Slow 1200mV 85C Model Removal Summary
 11. Slow 1200mV 85C Model Minimum Pulse Width Summary
 12. Slow 1200mV 85C Model Setup: 'state.DD'
 13. Slow 1200mV 85C Model Setup: 'clk'
 14. Slow 1200mV 85C Model Hold: 'clk'
 15. Slow 1200mV 85C Model Hold: 'state.DD'
 16. Slow 1200mV 85C Model Metastability Summary
 17. Slow 1200mV 0C Model Fmax Summary
 18. Slow 1200mV 0C Model Setup Summary
 19. Slow 1200mV 0C Model Hold Summary
 20. Slow 1200mV 0C Model Recovery Summary
 21. Slow 1200mV 0C Model Removal Summary
 22. Slow 1200mV 0C Model Minimum Pulse Width Summary
 23. Slow 1200mV 0C Model Setup: 'state.DD'
 24. Slow 1200mV 0C Model Setup: 'clk'
 25. Slow 1200mV 0C Model Hold: 'clk'
 26. Slow 1200mV 0C Model Hold: 'state.DD'
 27. Slow 1200mV 0C Model Metastability Summary
 28. Fast 1200mV 0C Model Setup Summary
 29. Fast 1200mV 0C Model Hold Summary
 30. Fast 1200mV 0C Model Recovery Summary
 31. Fast 1200mV 0C Model Removal Summary
 32. Fast 1200mV 0C Model Minimum Pulse Width Summary
 33. Fast 1200mV 0C Model Setup: 'state.DD'
 34. Fast 1200mV 0C Model Setup: 'clk'
 35. Fast 1200mV 0C Model Hold: 'clk'
 36. Fast 1200mV 0C Model Hold: 'state.DD'
 37. Fast 1200mV 0C Model Metastability Summary
 38. Multicorner Timing Analysis Summary
 39. Board Trace Model Assignments
 40. Input Transition Times
 41. Signal Integrity Metrics (Slow 1200mv 0c Model)
 42. Signal Integrity Metrics (Slow 1200mv 85c Model)
 43. Signal Integrity Metrics (Fast 1200mv 0c Model)
 44. Setup Transfers
 45. Hold Transfers
 46. Report TCCS
 47. Report RSKM
 48. Unconstrained Paths Summary
 49. Clock Status Summary
 50. Unconstrained Input Ports
 51. Unconstrained Output Ports
 52. Unconstrained Input Ports
 53. Unconstrained Output Ports
 54. TimeQuest Timing Analyzer Messages



----------------
; Legal Notice ;
----------------
Copyright (C) 2017  Intel Corporation. All rights reserved.
Your use of Intel Corporation's design tools, logic functions 
and other software and tools, and its AMPP partner logic 
functions, and any output files from any of the foregoing 
(including device programming or simulation files), and any 
associated documentation or information are expressly subject 
to the terms and conditions of the Intel Program License 
Subscription Agreement, the Intel Quartus Prime License Agreement,
the Intel FPGA IP License Agreement, or other applicable license
agreement, including, without limitation, that your use is for
the sole purpose of programming logic devices manufactured by
Intel and sold by Intel or its authorized distributors.  Please
refer to the applicable agreement for further details.



+-----------------------------------------------------------------------------+
; TimeQuest Timing Analyzer Summary                                           ;
+-----------------------+-----------------------------------------------------+
; Quartus Prime Version ; Version 17.1.0 Build 590 10/25/2017 SJ Lite Edition ;
; Timing Analyzer       ; TimeQuest                                           ;
; Revision Name         ; adv_game                                            ;
; Device Family         ; Cyclone IV E                                        ;
; Device Name           ; EP4CE115F29C7                                       ;
; Timing Models         ; Final                                               ;
; Delay Model           ; Combined                                            ;
; Rise/Fall Delays      ; Enabled                                             ;
+-----------------------+-----------------------------------------------------+


+------------------------------------------+
; Parallel Compilation                     ;
+----------------------------+-------------+
; Processors                 ; Number      ;
+----------------------------+-------------+
; Number detected on machine ; 12          ;
; Maximum allowed            ; 6           ;
;                            ;             ;
; Average used               ; 1.01        ;
; Maximum used               ; 6           ;
;                            ;             ;
; Usage by Processor         ; % Time Used ;
;     Processor 1            ; 100.0%      ;
;     Processor 2            ;   0.2%      ;
;     Processors 3-6         ;   0.1%      ;
+----------------------------+-------------+


+--------------------------------------------------------------------------------------------------------------------------------------------------------------------------------------+
; Clocks                                                                                                                                                                               ;
+------------+------+--------+------------+-------+-------+------------+-----------+-------------+-------+--------+-----------+------------+----------+--------+--------+--------------+
; Clock Name ; Type ; Period ; Frequency  ; Rise  ; Fall  ; Duty Cycle ; Divide by ; Multiply by ; Phase ; Offset ; Edge List ; Edge Shift ; Inverted ; Master ; Source ; Targets      ;
+------------+------+--------+------------+-------+-------+------------+-----------+-------------+-------+--------+-----------+------------+----------+--------+--------+--------------+
; clk        ; Base ; 1.000  ; 1000.0 MHz ; 0.000 ; 0.500 ;            ;           ;             ;       ;        ;           ;            ;          ;        ;        ; { clk }      ;
; state.DD   ; Base ; 1.000  ; 1000.0 MHz ; 0.000 ; 0.500 ;            ;           ;             ;       ;        ;           ;            ;          ;        ;        ; { state.DD } ;
+------------+------+--------+------------+-------+-------+------------+-----------+-------------+-------+--------+-----------+------------+----------+--------+--------+--------------+


+-----------------------------------------------------------------------------------------------------------+
; Slow 1200mV 85C Model Fmax Summary                                                                        ;
+------------+-----------------+------------+---------------------------------------------------------------+
; Fmax       ; Restricted Fmax ; Clock Name ; Note                                                          ;
+------------+-----------------+------------+---------------------------------------------------------------+
; 272.33 MHz ; 272.33 MHz      ; state.DD   ;                                                               ;
; 630.52 MHz ; 250.0 MHz       ; clk        ; limit due to minimum period restriction (max I/O toggle rate) ;
+------------+-----------------+------------+---------------------------------------------------------------+
This panel reports FMAX for every clock in the design, regardless of the user-specified clock periods.  FMAX is only computed for paths where the source and destination registers or ports are driven by the same clock.  Paths of different clocks, including generated clocks, are ignored.  For paths between a clock and its inversion, FMAX is computed as if the rising and falling edges are scaled along with FMAX, such that the duty cycle (in terms of a percentage) is maintained. Altera recommends that you always use clock constraints and other slack reports for sign-off analysis.


----------------------------------
; Timing Closure Recommendations ;
----------------------------------
HTML report is unavailable in plain text report export.


+-------------------------------------+
; Slow 1200mV 85C Model Setup Summary ;
+----------+--------+-----------------+
; Clock    ; Slack  ; End Point TNS   ;
+----------+--------+-----------------+
; state.DD ; -2.677 ; -4.013          ;
; clk      ; -0.713 ; -3.314          ;
+----------+--------+-----------------+


+------------------------------------+
; Slow 1200mV 85C Model Hold Summary ;
+----------+-------+-----------------+
; Clock    ; Slack ; End Point TNS   ;
+----------+-------+-----------------+
; clk      ; 0.402 ; 0.000           ;
; state.DD ; 1.221 ; 0.000           ;
+----------+-------+-----------------+


------------------------------------------
; Slow 1200mV 85C Model Recovery Summary ;
------------------------------------------
No paths to report.


-----------------------------------------
; Slow 1200mV 85C Model Removal Summary ;
-----------------------------------------
No paths to report.


+---------------------------------------------------+
; Slow 1200mV 85C Model Minimum Pulse Width Summary ;
+----------+--------+-------------------------------+
; Clock    ; Slack  ; End Point TNS                 ;
+----------+--------+-------------------------------+
; clk      ; -3.000 ; -11.995                       ;
; state.DD ; 0.399  ; 0.000                         ;
+----------+--------+-------------------------------+


+-----------------------------------------------------------------------------------------------------+
; Slow 1200mV 85C Model Setup: 'state.DD'                                                             ;
+--------+-----------+----------+--------------+-------------+--------------+------------+------------+
; Slack  ; From Node ; To Node  ; Launch Clock ; Latch Clock ; Relationship ; Clock Skew ; Data Delay ;
+--------+-----------+----------+--------------+-------------+--------------+------------+------------+
; -2.677 ; state.SS  ; sw$latch ; clk          ; state.DD    ; 1.000        ; -1.972     ; 0.695      ;
; -1.336 ; sw$latch  ; v        ; state.DD     ; state.DD    ; 0.500        ; -0.438     ; 0.394      ;
+--------+-----------+----------+--------------+-------------+--------------+------------+------------+


+-----------------------------------------------------------------------------------------------------+
; Slow 1200mV 85C Model Setup: 'clk'                                                                  ;
+--------+-----------+----------+--------------+-------------+--------------+------------+------------+
; Slack  ; From Node ; To Node  ; Launch Clock ; Latch Clock ; Relationship ; Clock Skew ; Data Delay ;
+--------+-----------+----------+--------------+-------------+--------------+------------+------------+
; -0.713 ; state.DD  ; state.VV ; state.DD     ; clk         ; 0.500        ; 1.634      ; 3.077      ;
; -0.586 ; state.TT  ; state.TT ; clk          ; clk         ; 1.000        ; -0.081     ; 1.503      ;
; -0.552 ; state.DD  ; state.GG ; state.DD     ; clk         ; 0.500        ; 1.634      ; 2.916      ;
; -0.545 ; state.GG  ; state.CC ; clk          ; clk         ; 1.000        ; 1.305      ; 2.848      ;
; -0.524 ; state.VV  ; state.CC ; clk          ; clk         ; 1.000        ; 1.305      ; 2.827      ;
; -0.444 ; state.RR  ; state.RR ; clk          ; clk         ; 1.000        ; -0.081     ; 1.361      ;
; -0.426 ; state.TT  ; state.RR ; clk          ; clk         ; 1.000        ; -0.081     ; 1.343      ;
; -0.393 ; state.CC  ; state.CC ; clk          ; clk         ; 1.000        ; -0.081     ; 1.310      ;
; -0.383 ; state.TT  ; state.CC ; clk          ; clk         ; 1.000        ; -0.081     ; 1.300      ;
; -0.380 ; state.CC  ; state.TT ; clk          ; clk         ; 1.000        ; -0.081     ; 1.297      ;
; -0.284 ; state.RR  ; state.TT ; clk          ; clk         ; 1.000        ; -0.081     ; 1.201      ;
; -0.255 ; state.RR  ; state.SS ; clk          ; clk         ; 1.000        ; -0.081     ; 1.172      ;
; -0.237 ; state.SS  ; state.RR ; clk          ; clk         ; 1.000        ; -0.081     ; 1.154      ;
; -0.235 ; v         ; state.VV ; state.DD     ; clk         ; 0.500        ; 0.841      ; 1.574      ;
; -0.232 ; v         ; state.GG ; state.DD     ; clk         ; 0.500        ; 0.841      ; 1.571      ;
; -0.219 ; state.RR  ; state.DD ; clk          ; clk         ; 1.000        ; -0.081     ; 1.136      ;
; -0.218 ; state.DD  ; state.VV ; state.DD     ; clk         ; 1.000        ; 1.634      ; 3.082      ;
; -0.089 ; state.DD  ; state.GG ; state.DD     ; clk         ; 1.000        ; 1.634      ; 2.953      ;
; 0.183  ; state.SS  ; state.SS ; clk          ; clk         ; 1.000        ; -0.081     ; 0.734      ;
+--------+-----------+----------+--------------+-------------+--------------+------------+------------+


+----------------------------------------------------------------------------------------------------+
; Slow 1200mV 85C Model Hold: 'clk'                                                                  ;
+-------+-----------+----------+--------------+-------------+--------------+------------+------------+
; Slack ; From Node ; To Node  ; Launch Clock ; Latch Clock ; Relationship ; Clock Skew ; Data Delay ;
+-------+-----------+----------+--------------+-------------+--------------+------------+------------+
; 0.402 ; state.SS  ; state.SS ; clk          ; clk         ; 0.000        ; 0.081      ; 0.669      ;
; 0.715 ; state.DD  ; state.GG ; state.DD     ; clk         ; 0.000        ; 1.692      ; 2.845      ;
; 0.765 ; state.RR  ; state.DD ; clk          ; clk         ; 0.000        ; 0.081      ; 1.032      ;
; 0.782 ; state.SS  ; state.RR ; clk          ; clk         ; 0.000        ; 0.081      ; 1.049      ;
; 0.792 ; v         ; state.GG ; state.DD     ; clk         ; -0.500       ; 0.930      ; 1.428      ;
; 0.802 ; state.DD  ; state.VV ; state.DD     ; clk         ; 0.000        ; 1.692      ; 2.932      ;
; 0.827 ; state.RR  ; state.TT ; clk          ; clk         ; 0.000        ; 0.081      ; 1.094      ;
; 0.832 ; v         ; state.VV ; state.DD     ; clk         ; -0.500       ; 0.930      ; 1.468      ;
; 0.842 ; state.RR  ; state.SS ; clk          ; clk         ; 0.000        ; 0.081      ; 1.109      ;
; 0.909 ; state.CC  ; state.CC ; clk          ; clk         ; 0.000        ; 0.081      ; 1.176      ;
; 0.917 ; state.VV  ; state.CC ; clk          ; clk         ; 0.000        ; 1.476      ; 2.579      ;
; 0.928 ; state.TT  ; state.CC ; clk          ; clk         ; 0.000        ; 0.081      ; 1.195      ;
; 0.929 ; state.TT  ; state.RR ; clk          ; clk         ; 0.000        ; 0.081      ; 1.196      ;
; 0.934 ; state.CC  ; state.TT ; clk          ; clk         ; 0.000        ; 0.081      ; 1.201      ;
; 0.952 ; state.RR  ; state.RR ; clk          ; clk         ; 0.000        ; 0.081      ; 1.219      ;
; 1.054 ; state.GG  ; state.CC ; clk          ; clk         ; 0.000        ; 1.476      ; 2.716      ;
; 1.057 ; state.TT  ; state.TT ; clk          ; clk         ; 0.000        ; 0.081      ; 1.324      ;
; 1.179 ; state.DD  ; state.GG ; state.DD     ; clk         ; -0.500       ; 1.692      ; 2.809      ;
; 1.280 ; state.DD  ; state.VV ; state.DD     ; clk         ; -0.500       ; 1.692      ; 2.910      ;
+-------+-----------+----------+--------------+-------------+--------------+------------+------------+


+----------------------------------------------------------------------------------------------------+
; Slow 1200mV 85C Model Hold: 'state.DD'                                                             ;
+-------+-----------+----------+--------------+-------------+--------------+------------+------------+
; Slack ; From Node ; To Node  ; Launch Clock ; Latch Clock ; Relationship ; Clock Skew ; Data Delay ;
+-------+-----------+----------+--------------+-------------+--------------+------------+------------+
; 1.221 ; sw$latch  ; v        ; state.DD     ; state.DD    ; -0.500       ; -0.345     ; 0.376      ;
; 2.411 ; state.SS  ; sw$latch ; clk          ; state.DD    ; 0.000        ; -1.797     ; 0.634      ;
+-------+-----------+----------+--------------+-------------+--------------+------------+------------+


-----------------------------------------------
; Slow 1200mV 85C Model Metastability Summary ;
-----------------------------------------------
No synchronizer chains to report.


+-----------------------------------------------------------------------------------------------------------+
; Slow 1200mV 0C Model Fmax Summary                                                                         ;
+------------+-----------------+------------+---------------------------------------------------------------+
; Fmax       ; Restricted Fmax ; Clock Name ; Note                                                          ;
+------------+-----------------+------------+---------------------------------------------------------------+
; 295.86 MHz ; 295.86 MHz      ; state.DD   ;                                                               ;
; 672.49 MHz ; 250.0 MHz       ; clk        ; limit due to minimum period restriction (max I/O toggle rate) ;
+------------+-----------------+------------+---------------------------------------------------------------+
This panel reports FMAX for every clock in the design, regardless of the user-specified clock periods.  FMAX is only computed for paths where the source and destination registers or ports are driven by the same clock.  Paths of different clocks, including generated clocks, are ignored.  For paths between a clock and its inversion, FMAX is computed as if the rising and falling edges are scaled along with FMAX, such that the duty cycle (in terms of a percentage) is maintained. Altera recommends that you always use clock constraints and other slack reports for sign-off analysis.


+------------------------------------+
; Slow 1200mV 0C Model Setup Summary ;
+----------+--------+----------------+
; Clock    ; Slack  ; End Point TNS  ;
+----------+--------+----------------+
; state.DD ; -2.339 ; -3.529         ;
; clk      ; -0.504 ; -2.367         ;
+----------+--------+----------------+


+-----------------------------------+
; Slow 1200mV 0C Model Hold Summary ;
+----------+-------+----------------+
; Clock    ; Slack ; End Point TNS  ;
+----------+-------+----------------+
; clk      ; 0.353 ; 0.000          ;
; state.DD ; 1.171 ; 0.000          ;
+----------+-------+----------------+


-----------------------------------------
; Slow 1200mV 0C Model Recovery Summary ;
-----------------------------------------
No paths to report.


----------------------------------------
; Slow 1200mV 0C Model Removal Summary ;
----------------------------------------
No paths to report.


+--------------------------------------------------+
; Slow 1200mV 0C Model Minimum Pulse Width Summary ;
+----------+--------+------------------------------+
; Clock    ; Slack  ; End Point TNS                ;
+----------+--------+------------------------------+
; clk      ; -3.000 ; -11.995                      ;
; state.DD ; 0.422  ; 0.000                        ;
+----------+--------+------------------------------+


+-----------------------------------------------------------------------------------------------------+
; Slow 1200mV 0C Model Setup: 'state.DD'                                                              ;
+--------+-----------+----------+--------------+-------------+--------------+------------+------------+
; Slack  ; From Node ; To Node  ; Launch Clock ; Latch Clock ; Relationship ; Clock Skew ; Data Delay ;
+--------+-----------+----------+--------------+-------------+--------------+------------+------------+
; -2.339 ; state.SS  ; sw$latch ; clk          ; state.DD    ; 1.000        ; -1.783     ; 0.629      ;
; -1.190 ; sw$latch  ; v        ; state.DD     ; state.DD    ; 0.500        ; -0.417     ; 0.364      ;
+--------+-----------+----------+--------------+-------------+--------------+------------+------------+


+-----------------------------------------------------------------------------------------------------+
; Slow 1200mV 0C Model Setup: 'clk'                                                                   ;
+--------+-----------+----------+--------------+-------------+--------------+------------+------------+
; Slack  ; From Node ; To Node  ; Launch Clock ; Latch Clock ; Relationship ; Clock Skew ; Data Delay ;
+--------+-----------+----------+--------------+-------------+--------------+------------+------------+
; -0.504 ; state.DD  ; state.VV ; state.DD     ; clk         ; 0.500        ; 1.528      ; 2.744      ;
; -0.487 ; state.GG  ; state.CC ; clk          ; clk         ; 1.000        ; 1.145      ; 2.631      ;
; -0.431 ; state.TT  ; state.TT ; clk          ; clk         ; 1.000        ; -0.073     ; 1.357      ;
; -0.406 ; state.VV  ; state.CC ; clk          ; clk         ; 1.000        ; 1.145      ; 2.550      ;
; -0.379 ; state.DD  ; state.GG ; state.DD     ; clk         ; 0.500        ; 1.528      ; 2.619      ;
; -0.301 ; state.RR  ; state.RR ; clk          ; clk         ; 1.000        ; -0.073     ; 1.227      ;
; -0.285 ; state.TT  ; state.RR ; clk          ; clk         ; 1.000        ; -0.073     ; 1.211      ;
; -0.260 ; state.CC  ; state.CC ; clk          ; clk         ; 1.000        ; -0.073     ; 1.186      ;
; -0.242 ; state.TT  ; state.CC ; clk          ; clk         ; 1.000        ; -0.073     ; 1.168      ;
; -0.238 ; state.CC  ; state.TT ; clk          ; clk         ; 1.000        ; -0.073     ; 1.164      ;
; -0.172 ; state.RR  ; state.SS ; clk          ; clk         ; 1.000        ; -0.073     ; 1.098      ;
; -0.165 ; v         ; state.VV ; state.DD     ; clk         ; 0.500        ; 0.818      ; 1.482      ;
; -0.154 ; state.RR  ; state.TT ; clk          ; clk         ; 1.000        ; -0.073     ; 1.080      ;
; -0.149 ; v         ; state.GG ; state.DD     ; clk         ; 0.500        ; 0.818      ; 1.466      ;
; -0.146 ; state.DD  ; state.VV ; state.DD     ; clk         ; 1.000        ; 1.528      ; 2.886      ;
; -0.112 ; state.SS  ; state.RR ; clk          ; clk         ; 1.000        ; -0.073     ; 1.038      ;
; -0.093 ; state.RR  ; state.DD ; clk          ; clk         ; 1.000        ; -0.073     ; 1.019      ;
; -0.024 ; state.DD  ; state.GG ; state.DD     ; clk         ; 1.000        ; 1.528      ; 2.764      ;
; 0.267  ; state.SS  ; state.SS ; clk          ; clk         ; 1.000        ; -0.073     ; 0.659      ;
+--------+-----------+----------+--------------+-------------+--------------+------------+------------+


+----------------------------------------------------------------------------------------------------+
; Slow 1200mV 0C Model Hold: 'clk'                                                                   ;
+-------+-----------+----------+--------------+-------------+--------------+------------+------------+
; Slack ; From Node ; To Node  ; Launch Clock ; Latch Clock ; Relationship ; Clock Skew ; Data Delay ;
+-------+-----------+----------+--------------+-------------+--------------+------------+------------+
; 0.353 ; state.SS  ; state.SS ; clk          ; clk         ; 0.000        ; 0.073      ; 0.597      ;
; 0.676 ; state.DD  ; state.GG ; state.DD     ; clk         ; 0.000        ; 1.580      ; 2.660      ;
; 0.698 ; v         ; state.GG ; state.DD     ; clk         ; -0.500       ; 0.899      ; 1.288      ;
; 0.709 ; state.RR  ; state.DD ; clk          ; clk         ; 0.000        ; 0.073      ; 0.953      ;
; 0.717 ; v         ; state.VV ; state.DD     ; clk         ; -0.500       ; 0.899      ; 1.307      ;
; 0.723 ; state.SS  ; state.RR ; clk          ; clk         ; 0.000        ; 0.073      ; 0.967      ;
; 0.746 ; state.RR  ; state.SS ; clk          ; clk         ; 0.000        ; 0.073      ; 0.990      ;
; 0.756 ; state.DD  ; state.VV ; state.DD     ; clk         ; 0.000        ; 1.580      ; 2.740      ;
; 0.763 ; state.RR  ; state.TT ; clk          ; clk         ; 0.000        ; 0.073      ; 1.007      ;
; 0.829 ; state.CC  ; state.CC ; clk          ; clk         ; 0.000        ; 0.073      ; 1.073      ;
; 0.855 ; state.TT  ; state.CC ; clk          ; clk         ; 0.000        ; 0.073      ; 1.099      ;
; 0.855 ; state.TT  ; state.RR ; clk          ; clk         ; 0.000        ; 0.073      ; 1.099      ;
; 0.859 ; state.CC  ; state.TT ; clk          ; clk         ; 0.000        ; 0.073      ; 1.103      ;
; 0.874 ; state.RR  ; state.RR ; clk          ; clk         ; 0.000        ; 0.073      ; 1.118      ;
; 0.891 ; state.VV  ; state.CC ; clk          ; clk         ; 0.000        ; 1.298      ; 2.360      ;
; 0.970 ; state.TT  ; state.TT ; clk          ; clk         ; 0.000        ; 0.073      ; 1.214      ;
; 0.988 ; state.GG  ; state.CC ; clk          ; clk         ; 0.000        ; 1.298      ; 2.457      ;
; 1.038 ; state.DD  ; state.GG ; state.DD     ; clk         ; -0.500       ; 1.580      ; 2.522      ;
; 1.110 ; state.DD  ; state.VV ; state.DD     ; clk         ; -0.500       ; 1.580      ; 2.594      ;
+-------+-----------+----------+--------------+-------------+--------------+------------+------------+


+----------------------------------------------------------------------------------------------------+
; Slow 1200mV 0C Model Hold: 'state.DD'                                                              ;
+-------+-----------+----------+--------------+-------------+--------------+------------+------------+
; Slack ; From Node ; To Node  ; Launch Clock ; Latch Clock ; Relationship ; Clock Skew ; Data Delay ;
+-------+-----------+----------+--------------+-------------+--------------+------------+------------+
; 1.171 ; sw$latch  ; v        ; state.DD     ; state.DD    ; -0.500       ; -0.333     ; 0.338      ;
; 2.191 ; state.SS  ; sw$latch ; clk          ; state.DD    ; 0.000        ; -1.627     ; 0.584      ;
+-------+-----------+----------+--------------+-------------+--------------+------------+------------+


----------------------------------------------
; Slow 1200mV 0C Model Metastability Summary ;
----------------------------------------------
No synchronizer chains to report.


+------------------------------------+
; Fast 1200mV 0C Model Setup Summary ;
+----------+--------+----------------+
; Clock    ; Slack  ; End Point TNS  ;
+----------+--------+----------------+
; state.DD ; -0.970 ; -1.329         ;
; clk      ; -0.155 ; -0.203         ;
+----------+--------+----------------+


+-----------------------------------+
; Fast 1200mV 0C Model Hold Summary ;
+----------+-------+----------------+
; Clock    ; Slack ; End Point TNS  ;
+----------+-------+----------------+
; clk      ; 0.180 ; 0.000          ;
; state.DD ; 0.810 ; 0.000          ;
+----------+-------+----------------+


-----------------------------------------
; Fast 1200mV 0C Model Recovery Summary ;
-----------------------------------------
No paths to report.


----------------------------------------
; Fast 1200mV 0C Model Removal Summary ;
----------------------------------------
No paths to report.


+--------------------------------------------------+
; Fast 1200mV 0C Model Minimum Pulse Width Summary ;
+----------+--------+------------------------------+
; Clock    ; Slack  ; End Point TNS                ;
+----------+--------+------------------------------+
; clk      ; -3.000 ; -10.410                      ;
; state.DD ; 0.434  ; 0.000                        ;
+----------+--------+------------------------------+


+-----------------------------------------------------------------------------------------------------+
; Fast 1200mV 0C Model Setup: 'state.DD'                                                              ;
+--------+-----------+----------+--------------+-------------+--------------+------------+------------+
; Slack  ; From Node ; To Node  ; Launch Clock ; Latch Clock ; Relationship ; Clock Skew ; Data Delay ;
+--------+-----------+----------+--------------+-------------+--------------+------------+------------+
; -0.970 ; state.SS  ; sw$latch ; clk          ; state.DD    ; 1.000        ; -1.147     ; 0.330      ;
; -0.359 ; sw$latch  ; v        ; state.DD     ; state.DD    ; 0.500        ; -0.183     ; 0.193      ;
+--------+-----------+----------+--------------+-------------+--------------+------------+------------+


+-----------------------------------------------------------------------------------------------------+
; Fast 1200mV 0C Model Setup: 'clk'                                                                   ;
+--------+-----------+----------+--------------+-------------+--------------+------------+------------+
; Slack  ; From Node ; To Node  ; Launch Clock ; Latch Clock ; Relationship ; Clock Skew ; Data Delay ;
+--------+-----------+----------+--------------+-------------+--------------+------------+------------+
; -0.155 ; state.DD  ; state.VV ; state.DD     ; clk         ; 0.500        ; 0.822      ; 1.569      ;
; -0.048 ; state.DD  ; state.GG ; state.DD     ; clk         ; 0.500        ; 0.822      ; 1.462      ;
; 0.142  ; v         ; state.VV ; state.DD     ; clk         ; 0.500        ; 0.435      ; 0.780      ;
; 0.210  ; v         ; state.GG ; state.DD     ; clk         ; 0.500        ; 0.435      ; 0.712      ;
; 0.231  ; state.TT  ; state.TT ; clk          ; clk         ; 1.000        ; -0.043     ; 0.713      ;
; 0.288  ; state.GG  ; state.CC ; clk          ; clk         ; 1.000        ; 0.758      ; 1.457      ;
; 0.299  ; state.RR  ; state.RR ; clk          ; clk         ; 1.000        ; -0.043     ; 0.645      ;
; 0.302  ; state.VV  ; state.CC ; clk          ; clk         ; 1.000        ; 0.758      ; 1.443      ;
; 0.305  ; state.TT  ; state.RR ; clk          ; clk         ; 1.000        ; -0.043     ; 0.639      ;
; 0.313  ; state.TT  ; state.CC ; clk          ; clk         ; 1.000        ; -0.043     ; 0.631      ;
; 0.315  ; state.CC  ; state.TT ; clk          ; clk         ; 1.000        ; -0.043     ; 0.629      ;
; 0.336  ; state.CC  ; state.CC ; clk          ; clk         ; 1.000        ; -0.043     ; 0.608      ;
; 0.370  ; state.RR  ; state.TT ; clk          ; clk         ; 1.000        ; -0.043     ; 0.574      ;
; 0.372  ; state.RR  ; state.SS ; clk          ; clk         ; 1.000        ; -0.043     ; 0.572      ;
; 0.394  ; state.SS  ; state.RR ; clk          ; clk         ; 1.000        ; -0.043     ; 0.550      ;
; 0.401  ; state.RR  ; state.DD ; clk          ; clk         ; 1.000        ; -0.043     ; 0.543      ;
; 0.523  ; state.DD  ; state.VV ; state.DD     ; clk         ; 1.000        ; 0.822      ; 1.391      ;
; 0.588  ; state.DD  ; state.GG ; state.DD     ; clk         ; 1.000        ; 0.822      ; 1.326      ;
; 0.594  ; state.SS  ; state.SS ; clk          ; clk         ; 1.000        ; -0.043     ; 0.350      ;
+--------+-----------+----------+--------------+-------------+--------------+------------+------------+


+----------------------------------------------------------------------------------------------------+
; Fast 1200mV 0C Model Hold: 'clk'                                                                   ;
+-------+-----------+----------+--------------+-------------+--------------+------------+------------+
; Slack ; From Node ; To Node  ; Launch Clock ; Latch Clock ; Relationship ; Clock Skew ; Data Delay ;
+-------+-----------+----------+--------------+-------------+--------------+------------+------------+
; 0.180 ; state.SS  ; state.SS ; clk          ; clk         ; 0.000        ; 0.043      ; 0.307      ;
; 0.215 ; state.DD  ; state.GG ; state.DD     ; clk         ; 0.000        ; 0.852      ; 1.276      ;
; 0.267 ; state.DD  ; state.VV ; state.DD     ; clk         ; 0.000        ; 0.852      ; 1.328      ;
; 0.274 ; state.VV  ; state.CC ; clk          ; clk         ; 0.000        ; 0.851      ; 1.209      ;
; 0.319 ; state.GG  ; state.CC ; clk          ; clk         ; 0.000        ; 0.851      ; 1.254      ;
; 0.337 ; state.RR  ; state.DD ; clk          ; clk         ; 0.000        ; 0.043      ; 0.464      ;
; 0.343 ; state.SS  ; state.RR ; clk          ; clk         ; 0.000        ; 0.043      ; 0.470      ;
; 0.363 ; state.RR  ; state.SS ; clk          ; clk         ; 0.000        ; 0.043      ; 0.490      ;
; 0.367 ; state.RR  ; state.TT ; clk          ; clk         ; 0.000        ; 0.043      ; 0.494      ;
; 0.416 ; state.TT  ; state.RR ; clk          ; clk         ; 0.000        ; 0.043      ; 0.543      ;
; 0.418 ; state.CC  ; state.CC ; clk          ; clk         ; 0.000        ; 0.043      ; 0.545      ;
; 0.419 ; state.TT  ; state.CC ; clk          ; clk         ; 0.000        ; 0.043      ; 0.546      ;
; 0.421 ; state.CC  ; state.TT ; clk          ; clk         ; 0.000        ; 0.043      ; 0.548      ;
; 0.426 ; state.RR  ; state.RR ; clk          ; clk         ; 0.000        ; 0.043      ; 0.553      ;
; 0.475 ; state.TT  ; state.TT ; clk          ; clk         ; 0.000        ; 0.043      ; 0.602      ;
; 0.580 ; v         ; state.VV ; state.DD     ; clk         ; -0.500       ; 0.480      ; 0.664      ;
; 0.588 ; v         ; state.GG ; state.DD     ; clk         ; -0.500       ; 0.480      ; 0.672      ;
; 0.847 ; state.DD  ; state.GG ; state.DD     ; clk         ; -0.500       ; 0.852      ; 1.408      ;
; 0.923 ; state.DD  ; state.VV ; state.DD     ; clk         ; -0.500       ; 0.852      ; 1.484      ;
+-------+-----------+----------+--------------+-------------+--------------+------------+------------+


+----------------------------------------------------------------------------------------------------+
; Fast 1200mV 0C Model Hold: 'state.DD'                                                              ;
+-------+-----------+----------+--------------+-------------+--------------+------------+------------+
; Slack ; From Node ; To Node  ; Launch Clock ; Latch Clock ; Relationship ; Clock Skew ; Data Delay ;
+-------+-----------+----------+--------------+-------------+--------------+------------+------------+
; 0.810 ; sw$latch  ; v        ; state.DD     ; state.DD    ; -0.500       ; -0.139     ; 0.171      ;
; 1.323 ; state.SS  ; sw$latch ; clk          ; state.DD    ; 0.000        ; -1.055     ; 0.288      ;
+-------+-----------+----------+--------------+-------------+--------------+------------+------------+


----------------------------------------------
; Fast 1200mV 0C Model Metastability Summary ;
----------------------------------------------
No synchronizer chains to report.


+------------------------------------------------------------------------------+
; Multicorner Timing Analysis Summary                                          ;
+------------------+--------+-------+----------+---------+---------------------+
; Clock            ; Setup  ; Hold  ; Recovery ; Removal ; Minimum Pulse Width ;
+------------------+--------+-------+----------+---------+---------------------+
; Worst-case Slack ; -2.677 ; 0.180 ; N/A      ; N/A     ; -3.000              ;
;  clk             ; -0.713 ; 0.180 ; N/A      ; N/A     ; -3.000              ;
;  state.DD        ; -2.677 ; 0.810 ; N/A      ; N/A     ; 0.399               ;
; Design-wide TNS  ; -7.327 ; 0.0   ; 0.0      ; 0.0     ; -11.995             ;
;  clk             ; -3.314 ; 0.000 ; N/A      ; N/A     ; -11.995             ;
;  state.DD        ; -4.013 ; 0.000 ; N/A      ; N/A     ; 0.000               ;
+------------------+--------+-------+----------+---------+---------------------+


+------------------------------------------------------------------------------------------------------------------------------------------------------------------------------------------------------------------------------------------------------------------------------------------------------------------------------------------------------------------------------------------------------------------+
; Board Trace Model Assignments                                                                                                                                                                                                                                                                                                                                                                                    ;
+---------------+--------------+-------------------+-------------------------+-------------------------+---------------+---------------------+----------------+------------------+--------+------------------+------------------------+------------------------+--------------+---------------+-----------------+-------+---------------------+--------------------+---------------+-----------------+-------------+
; Pin           ; I/O Standard ; Near Tline Length ; Near Tline L per Length ; Near Tline C per Length ; Near Series R ; Near Differential R ; Near Pull-up R ; Near Pull-down R ; Near C ; Far Tline Length ; Far Tline L per Length ; Far Tline C per Length ; Far Series R ; Far Pull-up R ; Far Pull-down R ; Far C ; Termination Voltage ; Far Differential R ; EBD File Name ; EBD Signal Name ; EBD Far-end ;
+---------------+--------------+-------------------+-------------------------+-------------------------+---------------+---------------------+----------------+------------------+--------+------------------+------------------------+------------------------+--------------+---------------+-----------------+-------+---------------------+--------------------+---------------+-----------------+-------------+
; sw            ; 2.5 V        ; 0 in              ; 0 H/in                  ; 0 F/in                  ; short         ; -                   ; open           ; open             ; open   ; 0 in             ; 0 H/in                 ; 0 F/in                 ; short        ; open          ; open            ; open  ; 0 V                 ; -                  ; n/a           ; n/a             ; n/a         ;
; d             ; 2.5 V        ; 0 in              ; 0 H/in                  ; 0 F/in                  ; short         ; -                   ; open           ; open             ; open   ; 0 in             ; 0 H/in                 ; 0 F/in                 ; short        ; open          ; open            ; open  ; 0 V                 ; -                  ; n/a           ; n/a             ; n/a         ;
; win           ; 2.5 V        ; 0 in              ; 0 H/in                  ; 0 F/in                  ; short         ; -                   ; open           ; open             ; open   ; 0 in             ; 0 H/in                 ; 0 F/in                 ; short        ; open          ; open            ; open  ; 0 V                 ; -                  ; n/a           ; n/a             ; n/a         ;
; ~ALTERA_DCLK~ ; 2.5 V        ; 0 in              ; 0 H/in                  ; 0 F/in                  ; short         ; -                   ; open           ; open             ; open   ; 0 in             ; 0 H/in                 ; 0 F/in                 ; short        ; open          ; open            ; open  ; 0 V                 ; -                  ; n/a           ; n/a             ; n/a         ;
; ~ALTERA_nCEO~ ; 2.5 V        ; 0 in              ; 0 H/in                  ; 0 F/in                  ; short         ; -                   ; open           ; open             ; open   ; 0 in             ; 0 H/in                 ; 0 F/in                 ; short        ; open          ; open            ; open  ; 0 V                 ; -                  ; n/a           ; n/a             ; n/a         ;
+---------------+--------------+-------------------+-------------------------+-------------------------+---------------+---------------------+----------------+------------------+--------+------------------+------------------------+------------------------+--------------+---------------+-----------------+-------+---------------------+--------------------+---------------+-----------------+-------------+


+----------------------------------------------------------------------------+
; Input Transition Times                                                     ;
+-------------------------+--------------+-----------------+-----------------+
; Pin                     ; I/O Standard ; 10-90 Rise Time ; 90-10 Fall Time ;
+-------------------------+--------------+-----------------+-----------------+
; w                       ; 2.5 V        ; 2000 ps         ; 2000 ps         ;
; e                       ; 2.5 V        ; 2000 ps         ; 2000 ps         ;
; clk                     ; 2.5 V        ; 2000 ps         ; 2000 ps         ;
; reset                   ; 2.5 V        ; 2000 ps         ; 2000 ps         ;
; n                       ; 2.5 V        ; 2000 ps         ; 2000 ps         ;
; s                       ; 2.5 V        ; 2000 ps         ; 2000 ps         ;
; ~ALTERA_ASDO_DATA1~     ; 2.5 V        ; 2000 ps         ; 2000 ps         ;
; ~ALTERA_FLASH_nCE_nCSO~ ; 2.5 V        ; 2000 ps         ; 2000 ps         ;
; ~ALTERA_DATA0~          ; 2.5 V        ; 2000 ps         ; 2000 ps         ;
+-------------------------+--------------+-----------------+-----------------+


+--------------------------------------------------------------------------------------------------------------------------------------------------------------------------------------------------------------------------------------------------------------------------------------------------------------------------------------------------------------------------------------------------------------------------------------------------------------------------------------------------------------------------------------------------------------------------------------------------------------------------------------------------------------------------------------------+
; Signal Integrity Metrics (Slow 1200mv 0c Model)                                                                                                                                                                                                                                                                                                                                                                                                                                                                                                                                                                                                                                            ;
+---------------+--------------+---------------------+---------------------+------------------------------+------------------------------+---------------------+---------------------+--------------------------------------+--------------------------------------+-----------------------------+-----------------------------+----------------------------+----------------------------+-----------------------------+-----------------------------+--------------------+--------------------+-------------------------------------+-------------------------------------+----------------------------+----------------------------+---------------------------+---------------------------+
; Pin           ; I/O Standard ; Board Delay on Rise ; Board Delay on Fall ; Steady State Voh at FPGA Pin ; Steady State Vol at FPGA Pin ; Voh Max at FPGA Pin ; Vol Min at FPGA Pin ; Ringback Voltage on Rise at FPGA Pin ; Ringback Voltage on Fall at FPGA Pin ; 10-90 Rise Time at FPGA Pin ; 90-10 Fall Time at FPGA Pin ; Monotonic Rise at FPGA Pin ; Monotonic Fall at FPGA Pin ; Steady State Voh at Far-end ; Steady State Vol at Far-end ; Voh Max at Far-end ; Vol Min at Far-end ; Ringback Voltage on Rise at Far-end ; Ringback Voltage on Fall at Far-end ; 10-90 Rise Time at Far-end ; 90-10 Fall Time at Far-end ; Monotonic Rise at Far-end ; Monotonic Fall at Far-end ;
+---------------+--------------+---------------------+---------------------+------------------------------+------------------------------+---------------------+---------------------+--------------------------------------+--------------------------------------+-----------------------------+-----------------------------+----------------------------+----------------------------+-----------------------------+-----------------------------+--------------------+--------------------+-------------------------------------+-------------------------------------+----------------------------+----------------------------+---------------------------+---------------------------+
; sw            ; 2.5 V        ; 0 s                 ; 0 s                 ; 2.32 V                       ; 3.07e-09 V                   ; 2.37 V              ; -0.00994 V          ; 0.186 V                              ; 0.028 V                              ; 4.98e-10 s                  ; 4.96e-10 s                  ; Yes                        ; Yes                        ; 2.32 V                      ; 3.07e-09 V                  ; 2.37 V             ; -0.00994 V         ; 0.186 V                             ; 0.028 V                             ; 4.98e-10 s                 ; 4.96e-10 s                 ; Yes                       ; Yes                       ;
; d             ; 2.5 V        ; 0 s                 ; 0 s                 ; 2.32 V                       ; 4.49e-09 V                   ; 2.38 V              ; -0.00552 V          ; 0.096 V                              ; 0.019 V                              ; 4.18e-10 s                  ; 3.59e-10 s                  ; No                         ; Yes                        ; 2.32 V                      ; 4.49e-09 V                  ; 2.38 V             ; -0.00552 V         ; 0.096 V                             ; 0.019 V                             ; 4.18e-10 s                 ; 3.59e-10 s                 ; No                        ; Yes                       ;
; win           ; 2.5 V        ; 0 s                 ; 0 s                 ; 2.32 V                       ; 3.07e-09 V                   ; 2.38 V              ; -0.0144 V           ; 0.227 V                              ; 0.024 V                              ; 3.14e-10 s                  ; 3.39e-10 s                  ; Yes                        ; Yes                        ; 2.32 V                      ; 3.07e-09 V                  ; 2.38 V             ; -0.0144 V          ; 0.227 V                             ; 0.024 V                             ; 3.14e-10 s                 ; 3.39e-10 s                 ; Yes                       ; Yes                       ;
; ~ALTERA_DCLK~ ; 2.5 V        ; 0 s                 ; 0 s                 ; 2.32 V                       ; 2.67e-09 V                   ; 2.38 V              ; -0.0485 V           ; 0.167 V                              ; 0.096 V                              ; 2.95e-10 s                  ; 2.73e-10 s                  ; Yes                        ; Yes                        ; 2.32 V                      ; 2.67e-09 V                  ; 2.38 V             ; -0.0485 V          ; 0.167 V                             ; 0.096 V                             ; 2.95e-10 s                 ; 2.73e-10 s                 ; Yes                       ; Yes                       ;
; ~ALTERA_nCEO~ ; 2.5 V        ; 0 s                 ; 0 s                 ; 2.32 V                       ; 4.18e-09 V                   ; 2.38 V              ; -0.00483 V          ; 0.152 V                              ; 0.012 V                              ; 4.81e-10 s                  ; 6.29e-10 s                  ; Yes                        ; Yes                        ; 2.32 V                      ; 4.18e-09 V                  ; 2.38 V             ; -0.00483 V         ; 0.152 V                             ; 0.012 V                             ; 4.81e-10 s                 ; 6.29e-10 s                 ; Yes                       ; Yes                       ;
+---------------+--------------+---------------------+---------------------+------------------------------+------------------------------+---------------------+---------------------+--------------------------------------+--------------------------------------+-----------------------------+-----------------------------+----------------------------+----------------------------+-----------------------------+-----------------------------+--------------------+--------------------+-------------------------------------+-------------------------------------+----------------------------+----------------------------+---------------------------+---------------------------+


+--------------------------------------------------------------------------------------------------------------------------------------------------------------------------------------------------------------------------------------------------------------------------------------------------------------------------------------------------------------------------------------------------------------------------------------------------------------------------------------------------------------------------------------------------------------------------------------------------------------------------------------------------------------------------------------------+
; Signal Integrity Metrics (Slow 1200mv 85c Model)                                                                                                                                                                                                                                                                                                                                                                                                                                                                                                                                                                                                                                           ;
+---------------+--------------+---------------------+---------------------+------------------------------+------------------------------+---------------------+---------------------+--------------------------------------+--------------------------------------+-----------------------------+-----------------------------+----------------------------+----------------------------+-----------------------------+-----------------------------+--------------------+--------------------+-------------------------------------+-------------------------------------+----------------------------+----------------------------+---------------------------+---------------------------+
; Pin           ; I/O Standard ; Board Delay on Rise ; Board Delay on Fall ; Steady State Voh at FPGA Pin ; Steady State Vol at FPGA Pin ; Voh Max at FPGA Pin ; Vol Min at FPGA Pin ; Ringback Voltage on Rise at FPGA Pin ; Ringback Voltage on Fall at FPGA Pin ; 10-90 Rise Time at FPGA Pin ; 90-10 Fall Time at FPGA Pin ; Monotonic Rise at FPGA Pin ; Monotonic Fall at FPGA Pin ; Steady State Voh at Far-end ; Steady State Vol at Far-end ; Voh Max at Far-end ; Vol Min at Far-end ; Ringback Voltage on Rise at Far-end ; Ringback Voltage on Fall at Far-end ; 10-90 Rise Time at Far-end ; 90-10 Fall Time at Far-end ; Monotonic Rise at Far-end ; Monotonic Fall at Far-end ;
+---------------+--------------+---------------------+---------------------+------------------------------+------------------------------+---------------------+---------------------+--------------------------------------+--------------------------------------+-----------------------------+-----------------------------+----------------------------+----------------------------+-----------------------------+-----------------------------+--------------------+--------------------+-------------------------------------+-------------------------------------+----------------------------+----------------------------+---------------------------+---------------------------+
; sw            ; 2.5 V        ; 0 s                 ; 0 s                 ; 2.32 V                       ; 4.67e-07 V                   ; 2.35 V              ; -0.00942 V          ; 0.116 V                              ; 0.033 V                              ; 6.66e-10 s                  ; 6.27e-10 s                  ; Yes                        ; Yes                        ; 2.32 V                      ; 4.67e-07 V                  ; 2.35 V             ; -0.00942 V         ; 0.116 V                             ; 0.033 V                             ; 6.66e-10 s                 ; 6.27e-10 s                 ; Yes                       ; Yes                       ;
; d             ; 2.5 V        ; 0 s                 ; 0 s                 ; 2.32 V                       ; 6.92e-07 V                   ; 2.35 V              ; -0.00996 V          ; 0.121 V                              ; 0.03 V                               ; 4.64e-10 s                  ; 4.47e-10 s                  ; Yes                        ; Yes                        ; 2.32 V                      ; 6.92e-07 V                  ; 2.35 V             ; -0.00996 V         ; 0.121 V                             ; 0.03 V                              ; 4.64e-10 s                 ; 4.47e-10 s                 ; Yes                       ; Yes                       ;
; win           ; 2.5 V        ; 0 s                 ; 0 s                 ; 2.32 V                       ; 4.67e-07 V                   ; 2.36 V              ; -0.00552 V          ; 0.11 V                               ; 0.007 V                              ; 4.54e-10 s                  ; 4.35e-10 s                  ; Yes                        ; Yes                        ; 2.32 V                      ; 4.67e-07 V                  ; 2.36 V             ; -0.00552 V         ; 0.11 V                              ; 0.007 V                             ; 4.54e-10 s                 ; 4.35e-10 s                 ; Yes                       ; Yes                       ;
; ~ALTERA_DCLK~ ; 2.5 V        ; 0 s                 ; 0 s                 ; 2.32 V                       ; 3.75e-07 V                   ; 2.35 V              ; -0.0109 V           ; 0.084 V                              ; 0.027 V                              ; 4.31e-10 s                  ; 3.61e-10 s                  ; Yes                        ; Yes                        ; 2.32 V                      ; 3.75e-07 V                  ; 2.35 V             ; -0.0109 V          ; 0.084 V                             ; 0.027 V                             ; 4.31e-10 s                 ; 3.61e-10 s                 ; Yes                       ; Yes                       ;
; ~ALTERA_nCEO~ ; 2.5 V        ; 0 s                 ; 0 s                 ; 2.32 V                       ; 6.15e-07 V                   ; 2.35 V              ; -0.00712 V          ; 0.093 V                              ; 0.02 V                               ; 6.21e-10 s                  ; 7.9e-10 s                   ; Yes                        ; Yes                        ; 2.32 V                      ; 6.15e-07 V                  ; 2.35 V             ; -0.00712 V         ; 0.093 V                             ; 0.02 V                              ; 6.21e-10 s                 ; 7.9e-10 s                  ; Yes                       ; Yes                       ;
+---------------+--------------+---------------------+---------------------+------------------------------+------------------------------+---------------------+---------------------+--------------------------------------+--------------------------------------+-----------------------------+-----------------------------+----------------------------+----------------------------+-----------------------------+-----------------------------+--------------------+--------------------+-------------------------------------+-------------------------------------+----------------------------+----------------------------+---------------------------+---------------------------+


+--------------------------------------------------------------------------------------------------------------------------------------------------------------------------------------------------------------------------------------------------------------------------------------------------------------------------------------------------------------------------------------------------------------------------------------------------------------------------------------------------------------------------------------------------------------------------------------------------------------------------------------------------------------------------------------------+
; Signal Integrity Metrics (Fast 1200mv 0c Model)                                                                                                                                                                                                                                                                                                                                                                                                                                                                                                                                                                                                                                            ;
+---------------+--------------+---------------------+---------------------+------------------------------+------------------------------+---------------------+---------------------+--------------------------------------+--------------------------------------+-----------------------------+-----------------------------+----------------------------+----------------------------+-----------------------------+-----------------------------+--------------------+--------------------+-------------------------------------+-------------------------------------+----------------------------+----------------------------+---------------------------+---------------------------+
; Pin           ; I/O Standard ; Board Delay on Rise ; Board Delay on Fall ; Steady State Voh at FPGA Pin ; Steady State Vol at FPGA Pin ; Voh Max at FPGA Pin ; Vol Min at FPGA Pin ; Ringback Voltage on Rise at FPGA Pin ; Ringback Voltage on Fall at FPGA Pin ; 10-90 Rise Time at FPGA Pin ; 90-10 Fall Time at FPGA Pin ; Monotonic Rise at FPGA Pin ; Monotonic Fall at FPGA Pin ; Steady State Voh at Far-end ; Steady State Vol at Far-end ; Voh Max at Far-end ; Vol Min at Far-end ; Ringback Voltage on Rise at Far-end ; Ringback Voltage on Fall at Far-end ; 10-90 Rise Time at Far-end ; 90-10 Fall Time at Far-end ; Monotonic Rise at Far-end ; Monotonic Fall at Far-end ;
+---------------+--------------+---------------------+---------------------+------------------------------+------------------------------+---------------------+---------------------+--------------------------------------+--------------------------------------+-----------------------------+-----------------------------+----------------------------+----------------------------+-----------------------------+-----------------------------+--------------------+--------------------+-------------------------------------+-------------------------------------+----------------------------+----------------------------+---------------------------+---------------------------+
; sw            ; 2.5 V        ; 0 s                 ; 0 s                 ; 2.62 V                       ; 2.74e-08 V                   ; 2.71 V              ; -0.0317 V           ; 0.148 V                              ; 0.064 V                              ; 4.51e-10 s                  ; 4.15e-10 s                  ; No                         ; Yes                        ; 2.62 V                      ; 2.74e-08 V                  ; 2.71 V             ; -0.0317 V          ; 0.148 V                             ; 0.064 V                             ; 4.51e-10 s                 ; 4.15e-10 s                 ; No                        ; Yes                       ;
; d             ; 2.5 V        ; 0 s                 ; 0 s                 ; 2.62 V                       ; 4.05e-08 V                   ; 2.72 V              ; -0.0349 V           ; 0.173 V                              ; 0.1 V                                ; 2.72e-10 s                  ; 2.69e-10 s                  ; Yes                        ; Yes                        ; 2.62 V                      ; 4.05e-08 V                  ; 2.72 V             ; -0.0349 V          ; 0.173 V                             ; 0.1 V                               ; 2.72e-10 s                 ; 2.69e-10 s                 ; Yes                       ; Yes                       ;
; win           ; 2.5 V        ; 0 s                 ; 0 s                 ; 2.62 V                       ; 2.74e-08 V                   ; 2.73 V              ; -0.0384 V           ; 0.169 V                              ; 0.089 V                              ; 2.7e-10 s                   ; 2.62e-10 s                  ; Yes                        ; Yes                        ; 2.62 V                      ; 2.74e-08 V                  ; 2.73 V             ; -0.0384 V          ; 0.169 V                             ; 0.089 V                             ; 2.7e-10 s                  ; 2.62e-10 s                 ; Yes                       ; Yes                       ;
; ~ALTERA_DCLK~ ; 2.5 V        ; 0 s                 ; 0 s                 ; 2.62 V                       ; 2.22e-08 V                   ; 2.74 V              ; -0.06 V             ; 0.158 V                              ; 0.08 V                               ; 2.68e-10 s                  ; 2.19e-10 s                  ; Yes                        ; Yes                        ; 2.62 V                      ; 2.22e-08 V                  ; 2.74 V             ; -0.06 V            ; 0.158 V                             ; 0.08 V                              ; 2.68e-10 s                 ; 2.19e-10 s                 ; Yes                       ; Yes                       ;
; ~ALTERA_nCEO~ ; 2.5 V        ; 0 s                 ; 0 s                 ; 2.62 V                       ; 3.54e-08 V                   ; 2.7 V               ; -0.00943 V          ; 0.276 V                              ; 0.035 V                              ; 3.19e-10 s                  ; 4.99e-10 s                  ; No                         ; Yes                        ; 2.62 V                      ; 3.54e-08 V                  ; 2.7 V              ; -0.00943 V         ; 0.276 V                             ; 0.035 V                             ; 3.19e-10 s                 ; 4.99e-10 s                 ; No                        ; Yes                       ;
+---------------+--------------+---------------------+---------------------+------------------------------+------------------------------+---------------------+---------------------+--------------------------------------+--------------------------------------+-----------------------------+-----------------------------+----------------------------+----------------------------+-----------------------------+-----------------------------+--------------------+--------------------+-------------------------------------+-------------------------------------+----------------------------+----------------------------+---------------------------+---------------------------+


+-------------------------------------------------------------------+
; Setup Transfers                                                   ;
+------------+----------+----------+----------+----------+----------+
; From Clock ; To Clock ; RR Paths ; FR Paths ; RF Paths ; FF Paths ;
+------------+----------+----------+----------+----------+----------+
; clk        ; clk      ; 13       ; 0        ; 0        ; 0        ;
; state.DD   ; clk      ; 2        ; 4        ; 0        ; 0        ;
; clk        ; state.DD ; 1        ; 0        ; 0        ; 0        ;
; state.DD   ; state.DD ; 0        ; 0        ; 1        ; 0        ;
+------------+----------+----------+----------+----------+----------+
Entries labeled "false path" only account for clock-to-clock false paths and not path-based false paths. As a result, actual path counts may be lower than reported.


+-------------------------------------------------------------------+
; Hold Transfers                                                    ;
+------------+----------+----------+----------+----------+----------+
; From Clock ; To Clock ; RR Paths ; FR Paths ; RF Paths ; FF Paths ;
+------------+----------+----------+----------+----------+----------+
; clk        ; clk      ; 13       ; 0        ; 0        ; 0        ;
; state.DD   ; clk      ; 2        ; 4        ; 0        ; 0        ;
; clk        ; state.DD ; 1        ; 0        ; 0        ; 0        ;
; state.DD   ; state.DD ; 0        ; 0        ; 1        ; 0        ;
+------------+----------+----------+----------+----------+----------+
Entries labeled "false path" only account for clock-to-clock false paths and not path-based false paths. As a result, actual path counts may be lower than reported.


---------------
; Report TCCS ;
---------------
No dedicated SERDES Transmitter circuitry present in device or used in design


---------------
; Report RSKM ;
---------------
No non-DPA dedicated SERDES Receiver circuitry present in device or used in design


+------------------------------------------------+
; Unconstrained Paths Summary                    ;
+---------------------------------+-------+------+
; Property                        ; Setup ; Hold ;
+---------------------------------+-------+------+
; Illegal Clocks                  ; 0     ; 0    ;
; Unconstrained Clocks            ; 0     ; 0    ;
; Unconstrained Input Ports       ; 5     ; 5    ;
; Unconstrained Input Port Paths  ; 22    ; 22   ;
; Unconstrained Output Ports      ; 1     ; 1    ;
; Unconstrained Output Port Paths ; 1     ; 1    ;
+---------------------------------+-------+------+


+------------------------------------------+
; Clock Status Summary                     ;
+----------+----------+------+-------------+
; Target   ; Clock    ; Type ; Status      ;
+----------+----------+------+-------------+
; clk      ; clk      ; Base ; Constrained ;
; state.DD ; state.DD ; Base ; Constrained ;
+----------+----------+------+-------------+


+---------------------------------------------------------------------------------------------------+
; Unconstrained Input Ports                                                                         ;
+------------+--------------------------------------------------------------------------------------+
; Input Port ; Comment                                                                              ;
+------------+--------------------------------------------------------------------------------------+
; e          ; No input delay, min/max delays, false-path exceptions, or max skew assignments found ;
; n          ; No input delay, min/max delays, false-path exceptions, or max skew assignments found ;
; reset      ; No input delay, min/max delays, false-path exceptions, or max skew assignments found ;
; s          ; No input delay, min/max delays, false-path exceptions, or max skew assignments found ;
; w          ; No input delay, min/max delays, false-path exceptions, or max skew assignments found ;
+------------+--------------------------------------------------------------------------------------+


+-----------------------------------------------------------------------------------------------------+
; Unconstrained Output Ports                                                                          ;
+-------------+---------------------------------------------------------------------------------------+
; Output Port ; Comment                                                                               ;
+-------------+---------------------------------------------------------------------------------------+
; sw          ; No output delay, min/max delays, false-path exceptions, or max skew assignments found ;
+-------------+---------------------------------------------------------------------------------------+


+---------------------------------------------------------------------------------------------------+
; Unconstrained Input Ports                                                                         ;
+------------+--------------------------------------------------------------------------------------+
; Input Port ; Comment                                                                              ;
+------------+--------------------------------------------------------------------------------------+
; e          ; No input delay, min/max delays, false-path exceptions, or max skew assignments found ;
; n          ; No input delay, min/max delays, false-path exceptions, or max skew assignments found ;
; reset      ; No input delay, min/max delays, false-path exceptions, or max skew assignments found ;
; s          ; No input delay, min/max delays, false-path exceptions, or max skew assignments found ;
; w          ; No input delay, min/max delays, false-path exceptions, or max skew assignments found ;
+------------+--------------------------------------------------------------------------------------+


+-----------------------------------------------------------------------------------------------------+
; Unconstrained Output Ports                                                                          ;
+-------------+---------------------------------------------------------------------------------------+
; Output Port ; Comment                                                                               ;
+-------------+---------------------------------------------------------------------------------------+
; sw          ; No output delay, min/max delays, false-path exceptions, or max skew assignments found ;
+-------------+---------------------------------------------------------------------------------------+


+------------------------------------+
; TimeQuest Timing Analyzer Messages ;
+------------------------------------+
Info: *******************************************************************
Info: Running Quartus Prime TimeQuest Timing Analyzer
    Info: Version 17.1.0 Build 590 10/25/2017 SJ Lite Edition
    Info: Processing started: Thu Mar 07 20:01:12 2019
Info: Command: quartus_sta adv_game -c adv_game
Info: qsta_default_script.tcl version: #3
Info (20030): Parallel compilation is enabled and will use 6 of the 6 processors detected
Info (21077): Low junction temperature is 0 degrees C
Info (21077): High junction temperature is 85 degrees C
Warning (335093): TimeQuest Timing Analyzer is analyzing 2 combinational loops as latches. For more details, run the Check Timing command in the TimeQuest Timing Analyzer or view the "User-Specified and Inferred Latches" table in the Analysis & Synthesis report.
Critical Warning (332012): Synopsys Design Constraints File file not found: 'adv_game.sdc'. A Synopsys Design Constraints File is required by the TimeQuest Timing Analyzer to get proper timing constraints. Without it, the Compiler will not properly optimize the design.
Info (332142): No user constrained base clocks found in the design. Calling "derive_clocks -period 1.0"
Info (332105): Deriving Clocks
    Info (332105): create_clock -period 1.000 -name clk clk
    Info (332105): create_clock -period 1.000 -name state.DD state.DD
Info (332143): No user constrained clock uncertainty found in the design. Calling "derive_clock_uncertainty"
Info (332123): Deriving Clock Uncertainty. Please refer to report_sdc in TimeQuest to see clock uncertainties.
Info: Found TIMEQUEST_REPORT_SCRIPT_INCLUDE_DEFAULT_ANALYSIS = ON
Info: Analyzing Slow 1200mV 85C Model
Critical Warning (332148): Timing requirements not met
    Info (11105): For recommendations on closing timing, run Report Timing Closure Recommendations in the TimeQuest Timing Analyzer.
Info (332146): Worst-case setup slack is -2.677
    Info (332119):     Slack       End Point TNS Clock 
    Info (332119): ========= =================== =====================
    Info (332119):    -2.677              -4.013 state.DD 
    Info (332119):    -0.713              -3.314 clk 
Info (332146): Worst-case hold slack is 0.402
    Info (332119):     Slack       End Point TNS Clock 
    Info (332119): ========= =================== =====================
    Info (332119):     0.402               0.000 clk 
    Info (332119):     1.221               0.000 state.DD 
Info (332140): No Recovery paths to report
Info (332140): No Removal paths to report
Info (332146): Worst-case minimum pulse width slack is -3.000
    Info (332119):     Slack       End Point TNS Clock 
    Info (332119): ========= =================== =====================
    Info (332119):    -3.000             -11.995 clk 
    Info (332119):     0.399               0.000 state.DD 
Info: Analyzing Slow 1200mV 0C Model
Info (334003): Started post-fitting delay annotation
Info (334004): Delay annotation completed successfully
Info (332123): Deriving Clock Uncertainty. Please refer to report_sdc in TimeQuest to see clock uncertainties.
Critical Warning (332148): Timing requirements not met
    Info (11105): For recommendations on closing timing, run Report Timing Closure Recommendations in the TimeQuest Timing Analyzer.
Info (332146): Worst-case setup slack is -2.339
    Info (332119):     Slack       End Point TNS Clock 
    Info (332119): ========= =================== =====================
    Info (332119):    -2.339              -3.529 state.DD 
    Info (332119):    -0.504              -2.367 clk 
Info (332146): Worst-case hold slack is 0.353
    Info (332119):     Slack       End Point TNS Clock 
    Info (332119): ========= =================== =====================
    Info (332119):     0.353               0.000 clk 
    Info (332119):     1.171               0.000 state.DD 
Info (332140): No Recovery paths to report
Info (332140): No Removal paths to report
Info (332146): Worst-case minimum pulse width slack is -3.000
    Info (332119):     Slack       End Point TNS Clock 
    Info (332119): ========= =================== =====================
    Info (332119):    -3.000             -11.995 clk 
    Info (332119):     0.422               0.000 state.DD 
Info: Analyzing Fast 1200mV 0C Model
Info (332123): Deriving Clock Uncertainty. Please refer to report_sdc in TimeQuest to see clock uncertainties.
Critical Warning (332148): Timing requirements not met
    Info (11105): For recommendations on closing timing, run Report Timing Closure Recommendations in the TimeQuest Timing Analyzer.
Info (332146): Worst-case setup slack is -0.970
    Info (332119):     Slack       End Point TNS Clock 
    Info (332119): ========= =================== =====================
    Info (332119):    -0.970              -1.329 state.DD 
    Info (332119):    -0.155              -0.203 clk 
Info (332146): Worst-case hold slack is 0.180
    Info (332119):     Slack       End Point TNS Clock 
    Info (332119): ========= =================== =====================
    Info (332119):     0.180               0.000 clk 
    Info (332119):     0.810               0.000 state.DD 
Info (332140): No Recovery paths to report
Info (332140): No Removal paths to report
Info (332146): Worst-case minimum pulse width slack is -3.000
    Info (332119):     Slack       End Point TNS Clock 
    Info (332119): ========= =================== =====================
    Info (332119):    -3.000             -10.410 clk 
    Info (332119):     0.434               0.000 state.DD 
Info (332102): Design is not fully constrained for setup requirements
Info (332102): Design is not fully constrained for hold requirements
Info: Quartus Prime TimeQuest Timing Analyzer was successful. 0 errors, 5 warnings
    Info: Peak virtual memory: 4889 megabytes
    Info: Processing ended: Thu Mar 07 20:01:14 2019
    Info: Elapsed time: 00:00:02
    Info: Total CPU time (on all processors): 00:00:02


